2021/10/26 09:12:03 main.go:468: exit open sakkaj: no such file or directory
2021/10/26 09:12:45 /Users/waketakuo/go/src/test/main.go:468: exit open sakkaj: no such file or directory
